Build started 8/31/2025 12:49:09 PM.
Logging verbosity is set to: Normal.     1>Project "C:\Users\rapha\Documents\Projets\CPP\PBRT\EntitySystem\EntitySystem.vcxproj" on node 2 (Build target(s)).
     1>PrepareForBuild:
         Structured output is enabled. The formatting of compiler diagnostics will reflect the error hierarchy. See https://aka.ms/cpp/structured-output for more details.
       InitializeBuildStatus:
         Creating "x64\Debug\EntitySystem.tlog\unsuccessfulbuild" because "AlwaysCreate" was specified.
         Touching "x64\Debug\EntitySystem.tlog\unsuccessfulbuild".
       ComputeStdModulesCompileInputs:
         Reading library manifest file 'C:\Program Files\Microsoft Visual Studio\2022\Community\VC\Tools\MSVC\14.44.35207\modules\modules.json' which provides data for library 'microsoft/STL'.
         Adding module source 'C:\Program Files\Microsoft Visual Studio\2022\Community\VC\Tools\MSVC\14.44.35207\modules\std.ixx' from library 'microsoft/STL' to be built with this project.
         Adding module source 'C:\Program Files\Microsoft Visual Studio\2022\Community\VC\Tools\MSVC\14.44.35207\modules\std.compat.ixx' from library 'microsoft/STL' to be built with this project.
       ClCompile:
         C:\Program Files\Microsoft Visual Studio\2022\Community\VC\Tools\MSVC\14.44.35207\bin\HostX64\x64\CL.exe /c /ZI /JMC /nologo /W3 /WX- /diagnostics:column /sdl /Od /D _DEBUG /D _CONSOLE /D _UNICODE /D UNICODE /Gm- /EHsc /RTC1 /MDd /GS /fp:precise /Zc:wchar_t /Zc:forScope /Zc:inline /std:c++latest /permissive- /Fo"x64\Debug\\" /Fd"x64\Debug\vc143.pdb" /external:W3 /Gd /TP /FC /errorReport:prompt main.cpp
         main.cpp
       Link:
         C:\Program Files\Microsoft Visual Studio\2022\Community\VC\Tools\MSVC\14.44.35207\bin\HostX64\x64\link.exe /ERRORREPORT:PROMPT /OUT:"C:\Users\rapha\Documents\Projets\CPP\PBRT\x64\Debug\EntitySystem.exe" /INCREMENTAL /ILK:"x64\Debug\EntitySystem.ilk" /NOLOGO kernel32.lib user32.lib gdi32.lib winspool.lib comdlg32.lib advapi32.lib shell32.lib ole32.lib oleaut32.lib uuid.lib odbc32.lib odbccp32.lib /MANIFEST /MANIFESTUAC:"level='asInvoker' uiAccess='false'" /manifest:embed /DEBUG /PDB:"C:\Users\rapha\Documents\Projets\CPP\PBRT\x64\Debug\EntitySystem.pdb" /SUBSYSTEM:CONSOLE /TLBID:1 /DYNAMICBASE /NXCOMPAT /IMPLIB:"C:\Users\rapha\Documents\Projets\CPP\PBRT\x64\Debug\EntitySystem.lib" /MACHINE:X64 x64\Debug\main.obj
         x64\Debug\Timer.obj
         EntitySystem.vcxproj -> C:\Users\rapha\Documents\Projets\CPP\PBRT\x64\Debug\EntitySystem.exe
       FinalizeBuildStatus:
         Deleting file "x64\Debug\EntitySystem.tlog\unsuccessfulbuild".
         Touching "x64\Debug\EntitySystem.tlog\EntitySystem.lastbuildstate".
     1>Done Building Project "C:\Users\rapha\Documents\Projets\CPP\PBRT\EntitySystem\EntitySystem.vcxproj" (Build target(s)).

Build succeeded.
    0 Warning(s)
    0 Error(s)

Time Elapsed 00:00:01.05
